// Jest Snapshot v1, https://goo.gl/fbAQLP

exports[`renders correctly 1`] = `
<View
  className="w-full table-auto"
>
  <View>
    <View
      className="bg-muted text-muted-foreground flex-row"
    >
      <Text
        className="px-2 py-2 flex-2 text-white"
      >
        Actions
      </Text>
    </View>
  </View>
  <View />
</View>
`;
