// Jest Snapshot v1, https://goo.gl/fbAQLP

exports[`renders correctly 1`] = `
<TextInput
  className="web:flex h-10 native:h-12 web:w-full rounded-md border border-input bg-background px-3 web:py-2 text-base lg:text-sm native:text-lg native:leading-[1.25] text-foreground placeholder:text-muted-foreground web:ring-offset-background file:border-0 file:bg-transparent file:font-medium web:focus-visible:outline-none web:focus-visible:ring-2 web:focus-visible:ring-ring web:focus-visible:ring-offset-2"
  placeholderClassName="text-muted-foreground"
/>
`;
