// Jest Snapshot v1, https://goo.gl/fbAQLP

exports[`renders correctly 1`] = `
<ActivityIndicator
  color="#000000"
  size={12}
/>
`;
